test_client_discovers_pages_and_combines_members (tests.test_afsa_provider.AfsaProviderTests.test_client_discovers_pages_and_combines_members) ... ok
test_directory_page_discovery_stays_on_official_domain (tests.test_afsa_provider.AfsaProviderTests.test_directory_page_discovery_stays_on_official_domain) ... ok
test_member_parser_extracts_public_business_fields (tests.test_afsa_provider.AfsaProviderTests.test_member_parser_extracts_public_business_fields) ... ok
test_concurrent_pipeline_invocations_are_serialized (tests.test_agent_orchestration.AgentOrchestrationTests.test_concurrent_pipeline_invocations_are_serialized) ... ok
test_deferred_skip_audit_flushes_once_without_delaying_state_changes (tests.test_agent_orchestration.AgentOrchestrationTests.test_deferred_skip_audit_flushes_once_without_delaying_state_changes) ... ok
test_failed_upstream_agent_does_not_run_dependency (tests.test_agent_orchestration.AgentOrchestrationTests.test_failed_upstream_agent_does_not_run_dependency) ... ok
test_identity_conflict_blocks_crm_sync_in_review_artifact (tests.test_agent_orchestration.AgentOrchestrationTests.test_identity_conflict_blocks_crm_sync_in_review_artifact) ... ok
test_interrupted_state_recovers_and_failures_stop_at_retry_limit (tests.test_agent_orchestration.AgentOrchestrationTests.test_interrupted_state_recovers_and_failures_stop_at_retry_limit) ... ok
test_malformed_audit_is_rejected_before_processing (tests.test_agent_orchestration.AgentOrchestrationTests.test_malformed_audit_is_rejected_before_processing) ... ok
test_pipeline_failure_preserves_previous_atomic_outputs (tests.test_agent_orchestration.AgentOrchestrationTests.test_pipeline_failure_preserves_previous_atomic_outputs) ... ok
test_quality_cache_invalidates_once_when_fact_crosses_freshness_horizon (tests.test_agent_orchestration.AgentOrchestrationTests.test_quality_cache_invalidates_once_when_fact_crosses_freshness_horizon) ... ok
test_real_agents_run_end_to_end_then_skip_unchanged_input (tests.test_agent_orchestration.AgentOrchestrationTests.test_real_agents_run_end_to_end_then_skip_unchanged_input) ... ok
test_attributes_preview_email_to_affected_site (tests.test_audit_client_sites.AuditClientSitesTests.test_attributes_preview_email_to_affected_site) ... ok
test_excludes_address_recorded_as_sent (tests.test_build_platform_outreach.BuildPlatformOutreachTests.test_excludes_address_recorded_as_sent) ... ok
test_excludes_candidate_when_email_is_not_usable (tests.test_build_platform_outreach.BuildPlatformOutreachTests.test_excludes_candidate_when_email_is_not_usable) ... ok
test_generated_messages_contain_no_client_reference (tests.test_build_platform_outreach.BuildPlatformOutreachTests.test_generated_messages_contain_no_client_reference) ... ok
test_only_builds_draft_for_validated_candidate_email (tests.test_build_platform_outreach.BuildPlatformOutreachTests.test_only_builds_draft_for_validated_candidate_email) ... ok
test_client_retries_transient_request_failure (tests.test_cana_provider.CanaProviderTests.test_client_retries_transient_request_failure) ... ok
test_client_supports_controlled_country_list (tests.test_cana_provider.CanaProviderTests.test_client_supports_controlled_country_list) ... ok
test_non_provider_member_requires_explicit_inclusion (tests.test_cana_provider.CanaProviderTests.test_non_provider_member_requires_explicit_inclusion) ... ok
test_parser_extracts_public_member_fields (tests.test_cana_provider.CanaProviderTests.test_parser_extracts_public_member_fields) ... ok
test_parser_handles_repeated_country_results (tests.test_cana_provider.CanaProviderTests.test_parser_handles_repeated_country_results) ... ok
test_does_not_infer_people_from_generic_role_prose (tests.test_contact_extractor.ContactExtractorTests.test_does_not_infer_people_from_generic_role_prose) ... ok
test_extracts_business_person_and_address_from_json_ld (tests.test_contact_extractor.ContactExtractorTests.test_extracts_business_person_and_address_from_json_ld) ... ok
test_extracts_json_ld_embedded_in_html_and_ignores_bad_json (tests.test_contact_extractor.ContactExtractorTests.test_extracts_json_ld_embedded_in_html_and_ignores_bad_json) ... ok
test_extracts_text_contacts_and_adjacent_role (tests.test_contact_extractor.ContactExtractorTests.test_extracts_text_contacts_and_adjacent_role) ... ok
test_preserves_directory_contacts_and_branch_locations (tests.test_contact_extractor.ContactExtractorTests.test_preserves_directory_contacts_and_branch_locations) ... ok
test_rejects_observed_hosted_form_placeholder_email (tests.test_contact_extractor.ContactExtractorTests.test_rejects_observed_hosted_form_placeholder_email) ... ok
test_action_cannot_start_without_explicit_outreach_readiness (tests.test_crm_workflow.CrmWorkflowTests.test_action_cannot_start_without_explicit_outreach_readiness) ... ok
test_action_lifecycle_updates_lead_and_events (tests.test_crm_workflow.CrmWorkflowTests.test_action_lifecycle_updates_lead_and_events) ... ok
test_create_action_reuses_active_action (tests.test_crm_workflow.CrmWorkflowTests.test_create_action_reuses_active_action) ... ok
test_empty_queue_returns_none (tests.test_crm_workflow.CrmWorkflowTests.test_empty_queue_returns_none) ... ok
test_initialize_migrates_company_name_for_existing_database (tests.test_crm_workflow.CrmWorkflowTests.test_initialize_migrates_company_name_for_existing_database) ... ok
test_initialize_queue_applies_execution_columns (tests.test_crm_workflow.CrmWorkflowTests.test_initialize_queue_applies_execution_columns) ... ok
test_start_action_rolls_back_when_lead_is_missing (tests.test_crm_workflow.CrmWorkflowTests.test_start_action_rolls_back_when_lead_is_missing) ... ok
test_crm_state_uses_calculated_outreach_priority (tests.test_crm_workflow.LeadIntelligenceTests.test_crm_state_uses_calculated_outreach_priority) ... ok
test_preserves_structured_contact_intelligence (tests.test_crm_workflow.LeadIntelligenceTests.test_preserves_structured_contact_intelligence) ... ok
test_allows_same_brand_homepage_redirect_to_country_domain (tests.test_discovery_crawler.PriorityPageCrawlerTests.test_allows_same_brand_homepage_redirect_to_country_domain) ... FAIL
test_crawls_homepage_and_discovers_priority_same_domain_link (tests.test_discovery_crawler.PriorityPageCrawlerTests.test_crawls_homepage_and_discovers_priority_same_domain_link) ... FAIL
test_crawls_only_explicit_high_confidence_location_resolution_under_original_entity (tests.test_discovery_crawler.PriorityPageCrawlerTests.test_crawls_only_explicit_high_confidence_location_resolution_under_original_entity) ... FAIL
test_queue_progress_callback_receives_each_domain (tests.test_discovery_crawler.PriorityPageCrawlerTests.test_queue_progress_callback_receives_each_domain) ... FAIL
test_queue_report_identifies_domains_without_pages (tests.test_discovery_crawler.PriorityPageCrawlerTests.test_queue_report_identifies_domains_without_pages) ... ERROR
test_rejects_invalid_or_mismatched_queue_record (tests.test_discovery_crawler.PriorityPageCrawlerTests.test_rejects_invalid_or_mismatched_queue_record) ... ok
test_rejects_private_resolution_before_request (tests.test_discovery_crawler.PriorityPageCrawlerTests.test_rejects_private_resolution_before_request) ... ok
test_rejects_redirect_that_resolves_private (tests.test_discovery_crawler.PriorityPageCrawlerTests.test_rejects_redirect_that_resolves_private) ... ok
test_skips_failures_non_html_and_cross_domain_redirects (tests.test_discovery_crawler.PriorityPageCrawlerTests.test_skips_failures_non_html_and_cross_domain_redirects) ... ERROR
test_duplicate_location_merge_preserves_complementary_fields_and_sources (tests.test_discovery_ingestion.DiscoveryIngestionTests.test_duplicate_location_merge_preserves_complementary_fields_and_sources) ... ok
test_foster_pattern_rejects_malformed_identity_and_preserves_valid_locations (tests.test_discovery_ingestion.DiscoveryIngestionTests.test_foster_pattern_rejects_malformed_identity_and_preserves_valid_locations) ... ok
test_malformed_website_userinfo_is_flagged_without_canonical_identity (tests.test_discovery_ingestion.DiscoveryIngestionTests.test_malformed_website_userinfo_is_flagged_without_canonical_identity) ... ok
test_manual_csv_import_writes_normalized_queue (tests.test_discovery_ingestion.DiscoveryIngestionTests.test_manual_csv_import_writes_normalized_queue) ... ok
test_manual_csv_requires_core_columns (tests.test_discovery_ingestion.DiscoveryIngestionTests.test_manual_csv_requires_core_columns) ... ok
test_normalize_website_produces_canonical_homepage (tests.test_discovery_ingestion.DiscoveryIngestionTests.test_normalize_website_produces_canonical_homepage) ... ok
test_queue_deduplicates_domains_and_merges_sources (tests.test_discovery_ingestion.DiscoveryIngestionTests.test_queue_deduplicates_domains_and_merges_sources) ... ok
test_directory_contact_survives_queue_ingestion (tests.test_discovery_sources.DiscoverySourceTests.test_directory_contact_survives_queue_ingestion) ... ok
test_loads_aliases_from_nested_json_export (tests.test_discovery_sources.DiscoverySourceTests.test_loads_aliases_from_nested_json_export) ... ok
test_maps_url_is_provenance_not_business_website (tests.test_discovery_sources.DiscoverySourceTests.test_maps_url_is_provenance_not_business_website) ... ok
test_multi_source_import_deduplicates_and_preserves_provenance (tests.test_discovery_sources.DiscoverySourceTests.test_multi_source_import_deduplicates_and_preserves_provenance) ... ok
test_source_spec_validation (tests.test_discovery_sources.DiscoverySourceTests.test_source_spec_validation) ... ok
test_builds_retry_record_with_evidence_and_original_locations (tests.test_domain_resolution.DomainResolutionTests.test_builds_retry_record_with_evidence_and_original_locations) ... ok
test_corporate_domain_requires_matching_location_path (tests.test_domain_resolution.DomainResolutionTests.test_corporate_domain_requires_matching_location_path) ... ok
test_does_not_retry_replacement_already_present_in_crawl (tests.test_domain_resolution.DomainResolutionTests.test_does_not_retry_replacement_already_present_in_crawl) ... ok
test_ignores_unreviewed_or_low_confidence_resolution (tests.test_domain_resolution.DomainResolutionTests.test_ignores_unreviewed_or_low_confidence_resolution) ... ok
test_business_role_address_gets_strong_evidence_score (tests.test_email_intelligence.EmailIntelligenceTests.test_business_role_address_gets_strong_evidence_score) ... ok
test_deduplicates_case_insensitively (tests.test_email_intelligence.EmailIntelligenceTests.test_deduplicates_case_insensitively) ... ok
test_dns_evidence_has_distinct_non_mailbox_state (tests.test_email_intelligence.EmailIntelligenceTests.test_dns_evidence_has_distinct_non_mailbox_state) ... ok
test_does_not_present_free_email_as_deliverability_verified (tests.test_email_intelligence.EmailIntelligenceTests.test_does_not_present_free_email_as_deliverability_verified) ... ok
test_invalid_address_is_explicit (tests.test_email_intelligence.EmailIntelligenceTests.test_invalid_address_is_explicit) ... ok
test_unavailable_mail_domain_is_not_a_mailbox_verdict (tests.test_email_intelligence.EmailIntelligenceTests.test_unavailable_mail_domain_is_not_a_mailbox_verdict) ... ok
test_directory_contact_remains_candidate_not_role_verified_person (tests.test_enrichment.EnrichmentTests.test_directory_contact_remains_candidate_not_role_verified_person) ... ok
test_extracts_direct_and_derived_facts_with_provenance (tests.test_enrichment.EnrichmentTests.test_extracts_direct_and_derived_facts_with_provenance) ... ok
test_extracts_explicit_parent_relationship_without_inferring_from_staff (tests.test_enrichment.EnrichmentTests.test_extracts_explicit_parent_relationship_without_inferring_from_staff) ... ok
test_multi_value_fields_are_not_misclassified_as_conflicts (tests.test_enrichment.EnrichmentTests.test_multi_value_fields_are_not_misclassified_as_conflicts) ... ok
test_online_arrangements_detector_recognizes_explicit_pathway_labels_only (tests.test_enrichment.EnrichmentTests.test_online_arrangements_detector_recognizes_explicit_pathway_labels_only) ... ok
test_page_facts_retain_crawl_observation_time (tests.test_enrichment.EnrichmentTests.test_page_facts_retain_crawl_observation_time) ... ok
test_rejects_malformed_or_non_social_profile_references (tests.test_enrichment.EnrichmentTests.test_rejects_malformed_or_non_social_profile_references) ... ok
test_stable_ids_corroboration_and_conflicts_preserve_sources (tests.test_enrichment.EnrichmentTests.test_stable_ids_corroboration_and_conflicts_preserve_sources) ... ok
test_commercial_approval_requires_explicit_quality_state (tests.test_enrichment_quality.EnrichmentQualityTests.test_commercial_approval_requires_explicit_quality_state) ... ok
test_detects_material_website_identity_mismatch_but_not_name_variant (tests.test_enrichment_quality.EnrichmentQualityTests.test_detects_material_website_identity_mismatch_but_not_name_variant) ... ok
test_detects_stale_facts_and_cross_entity_ambiguity (tests.test_enrichment_quality.EnrichmentQualityTests.test_detects_stale_facts_and_cross_entity_ambiguity) ... ok
test_first_party_published_cross_domain_email_is_retained_without_review (tests.test_enrichment_quality.EnrichmentQualityTests.test_first_party_published_cross_domain_email_is_retained_without_review) ... ok
test_multi_location_domain_requires_crm_identity_review (tests.test_enrichment_quality.EnrichmentQualityTests.test_multi_location_domain_requires_crm_identity_review) ... ok
test_non_identity_attribution_review_blocks_outreach_but_not_account_sync (tests.test_enrichment_quality.EnrichmentQualityTests.test_non_identity_attribution_review_blocks_outreach_but_not_account_sync) ... ok
test_reports_conflict_and_inference_without_provenance (tests.test_enrichment_quality.EnrichmentQualityTests.test_reports_conflict_and_inference_without_provenance) ... ok
test_reports_semantic_overclaims_and_attribution_risk_without_mutation (tests.test_enrichment_quality.EnrichmentQualityTests.test_reports_semantic_overclaims_and_attribution_risk_without_mutation) ... ok
test_escapes_remote_id_and_accepts_boolean_update_response (tests.test_espocrm_sync.EspoCRMBackendTests.test_escapes_remote_id_and_accepts_boolean_update_response) ... ok
test_failure_does_not_expose_api_key (tests.test_espocrm_sync.EspoCRMBackendTests.test_failure_does_not_expose_api_key) ... ok
test_finds_existing_account_before_create_for_retry_idempotency (tests.test_espocrm_sync.EspoCRMBackendTests.test_finds_existing_account_before_create_for_retry_idempotency) ... ok
test_reads_account_through_public_boundary (tests.test_espocrm_sync.EspoCRMBackendTests.test_reads_account_through_public_boundary) ... ok
test_requires_tls_for_non_local_api_key_transport (tests.test_espocrm_sync.EspoCRMBackendTests.test_requires_tls_for_non_local_api_key_transport) ... ok
test_uses_api_key_and_updates_known_record (tests.test_espocrm_sync.EspoCRMBackendTests.test_uses_api_key_and_updates_known_record) ... ok
test_remote_failure_does_not_change_local_lead_or_store_secret (tests.test_espocrm_sync.EspoCRMSyncTests.test_remote_failure_does_not_change_local_lead_or_store_secret) ... ok
test_reuses_remote_mapping_and_audits_each_success (tests.test_espocrm_sync.EspoCRMSyncTests.test_reuses_remote_mapping_and_audits_each_success) ... ok
test_sync_rejects_lead_without_explicit_quality_approval (tests.test_espocrm_sync.EspoCRMSyncTests.test_sync_rejects_lead_without_explicit_quality_approval) ... ok
test_contact_extractor_accepts_explicit_optional_providers (tests.test_external_verification.ExternalVerificationTests.test_contact_extractor_accepts_explicit_optional_providers) ... ok
test_email_provider_failure_is_explicit (tests.test_external_verification.ExternalVerificationTests.test_email_provider_failure_is_explicit) ... ok
test_invalid_local_values_are_not_sent_to_providers (tests.test_external_verification.ExternalVerificationTests.test_invalid_local_values_are_not_sent_to_providers) ... ok
test_twilio_maps_line_type_carrier_and_status (tests.test_external_verification.ExternalVerificationTests.test_twilio_maps_line_type_carrier_and_status) ... ok
test_zerobounce_maps_valid_without_exposing_key (tests.test_external_verification.ExternalVerificationTests.test_zerobounce_maps_valid_without_exposing_key) ... ok
test_builds_coverage_quality_freshness_and_agent_metrics (tests.test_gap_metrics.GapMetricsTests.test_builds_coverage_quality_freshness_and_agent_metrics) ... ok
test_flags_material_regression_not_small_change (tests.test_gap_metrics.GapMetricsTests.test_flags_material_regression_not_small_change) ... ok
test_identical_snapshot_is_not_appended_twice (tests.test_gap_metrics.GapMetricsTests.test_identical_snapshot_is_not_appended_twice) ... ok
test_includes_bounded_crawl_observability (tests.test_gap_metrics.GapMetricsTests.test_includes_bounded_crawl_observability) ... ok
test_includes_manual_review_burden_without_changing_source_findings (tests.test_gap_metrics.GapMetricsTests.test_includes_manual_review_burden_without_changing_source_findings) ... ok
test_includes_research_resolution_outcomes (tests.test_gap_metrics.GapMetricsTests.test_includes_research_resolution_outcomes) ... ok
test_discovery_profile_reaches_contact_intelligence (tests.test_lead_scoring_integration.LeadScoringIntegrationTests.test_discovery_profile_reaches_contact_intelligence) ... ok
test_queue_retains_uncrawled_organization_without_scoring_missing_features (tests.test_lead_scoring_integration.LeadScoringIntegrationTests.test_queue_retains_uncrawled_organization_without_scoring_missing_features) ... ok
test_cli_refresh_list_show_decide_history_stats_and_apply (tests.test_manual_review.ManualReviewTests.test_cli_refresh_list_show_decide_history_stats_and_apply) ... ok
test_decision_is_append_only_idempotent_and_conflicts_remain_visible (tests.test_manual_review.ManualReviewTests.test_decision_is_append_only_idempotent_and_conflicts_remain_visible) ... ok
test_duplicate_confirmation_never_merges_or_unblocks_crm (tests.test_manual_review.ManualReviewTests.test_duplicate_confirmation_never_merges_or_unblocks_crm) ... ok
test_explicit_supported_decision_alone_changes_effective_eligibility (tests.test_manual_review.ManualReviewTests.test_explicit_supported_decision_alone_changes_effective_eligibility) ... ok
test_relationship_confirmation_without_pages_or_crm_scope_stays_blocked (tests.test_manual_review.ManualReviewTests.test_relationship_confirmation_without_pages_or_crm_scope_stays_blocked) ... ok
test_sibling_rejection_does_not_change_resolver_or_move_pages (tests.test_manual_review.ManualReviewTests.test_sibling_rejection_does_not_change_resolver_or_move_pages) ... ok
test_stable_identity_and_refresh_idempotency (tests.test_manual_review.ManualReviewTests.test_stable_identity_and_refresh_idempotency) ... ok
test_authenticated_findings_view_reads_v15_without_mutation (tests.test_operator_auth.OperatorAuthenticationTests.test_authenticated_findings_view_reads_v15_without_mutation) ... ok
test_every_data_route_requires_login_and_static_assets_remain_public (tests.test_operator_auth.OperatorAuthenticationTests.test_every_data_route_requires_login_and_static_assets_remain_public) ... ok
test_exactly_alex_and_todd_can_authenticate_case_insensitively (tests.test_operator_auth.OperatorAuthenticationTests.test_exactly_alex_and_todd_can_authenticate_case_insensitively) ... ok
test_finding_detail_is_protected_escaped_and_unknown_ids_are_404 (tests.test_operator_auth.OperatorAuthenticationTests.test_finding_detail_is_protected_escaped_and_unknown_ids_are_404) ... ok
test_findings_counters_ignore_stale_summary_and_use_displayed_evidence (tests.test_operator_auth.OperatorAuthenticationTests.test_findings_counters_ignore_stale_summary_and_use_displayed_evidence) ... ok
test_findings_filters_compose_and_csv_export_matches_with_formula_safety (tests.test_operator_auth.OperatorAuthenticationTests.test_findings_filters_compose_and_csv_export_matches_with_formula_safety) ... FAIL
test_findings_never_link_or_export_unsafe_website_schemes (tests.test_operator_auth.OperatorAuthenticationTests.test_findings_never_link_or_export_unsafe_website_schemes) ... ok
test_login_rejects_external_redirect_and_logout_requires_csrf (tests.test_operator_auth.OperatorAuthenticationTests.test_login_rejects_external_redirect_and_logout_requires_csrf) ... ok
test_passwords_are_hashed_and_invalid_credentials_use_generic_failure (tests.test_operator_auth.OperatorAuthenticationTests.test_passwords_are_hashed_and_invalid_credentials_use_generic_failure) ... ok
test_repeated_login_failures_are_throttled (tests.test_operator_auth.OperatorAuthenticationTests.test_repeated_login_failures_are_throttled) ... ok
test_all_views_have_safe_empty_states (tests.test_operator_ui.OperatorUiTests.test_all_views_have_safe_empty_states) ... ok
test_confirmed_crawl_runs_with_bounded_options (tests.test_operator_ui.OperatorUiTests.test_confirmed_crawl_runs_with_bounded_options) ... ok
test_crawl_rejects_invalid_options_without_starting (tests.test_operator_ui.OperatorUiTests.test_crawl_rejects_invalid_options_without_starting) ... ok
test_crm_action_lifecycle_through_confirmed_posts (tests.test_operator_ui.OperatorUiTests.test_crm_action_lifecycle_through_confirmed_posts) ... ok
test_crm_action_rejects_unknown_lead_without_mutation (tests.test_operator_ui.OperatorUiTests.test_crm_action_rejects_unknown_lead_without_mutation) ... ok
test_crm_actions_are_read_from_configured_database (tests.test_operator_ui.OperatorUiTests.test_crm_actions_are_read_from_configured_database) ... ok
test_crm_posts_require_csrf_and_confirmation (tests.test_operator_ui.OperatorUiTests.test_crm_posts_require_csrf_and_confirmation) ... ok
test_dashboard_and_queue_render_fixture_counts (tests.test_operator_ui.OperatorUiTests.test_dashboard_and_queue_render_fixture_counts) ... ok
test_draft_with_unusable_email_cannot_be_approved (tests.test_operator_ui.OperatorUiTests.test_draft_with_unusable_email_cannot_be_approved) ... ok
test_enrichment_and_quality_uncertainty_are_visible (tests.test_operator_ui.OperatorUiTests.test_enrichment_and_quality_uncertainty_are_visible) ... ok
test_import_preview_does_not_write_until_confirmed (tests.test_operator_ui.OperatorUiTests.test_import_preview_does_not_write_until_confirmed) ... ok
test_invalid_import_never_changes_existing_queue (tests.test_operator_ui.OperatorUiTests.test_invalid_import_never_changes_existing_queue) ... ok
test_invalid_resolution_does_not_write_ledger (tests.test_operator_ui.OperatorUiTests.test_invalid_resolution_does_not_write_ledger) ... ok
test_lead_list_links_to_escaped_detail (tests.test_operator_ui.OperatorUiTests.test_lead_list_links_to_escaped_detail) ... ok
test_manual_import_saves_review_draft_without_posting (tests.test_operator_ui.OperatorUiTests.test_manual_import_saves_review_draft_without_posting) ... ok
test_only_one_crawl_can_run_at_a_time (tests.test_operator_ui.OperatorUiTests.test_only_one_crawl_can_run_at_a_time) ... ok
test_research_queue_explains_why_automation_refused_resolution (tests.test_operator_ui.OperatorUiTests.test_research_queue_explains_why_automation_refused_resolution) ... ok
test_resolution_file_failure_rolls_back_every_output (tests.test_operator_ui.OperatorUiTests.test_resolution_file_failure_rolls_back_every_output) ... ok
test_reviewed_resolution_preview_and_confirmation (tests.test_operator_ui.OperatorUiTests.test_reviewed_resolution_preview_and_confirmation) ... ok
test_usable_draft_can_be_approved_but_is_never_changed (tests.test_operator_ui.OperatorUiTests.test_usable_draft_can_be_approved_but_is_never_changed) ... ok
test_complete_local_operator_workflow (tests.test_operator_workflow_e2e.OperatorWorkflowEndToEndTests.test_complete_local_operator_workflow) ... ok
test_independent_high_gap_business_is_direct_purchase_candidate (tests.test_package_buyer_fit.PackageBuyerFitTests.test_independent_high_gap_business_is_direct_purchase_candidate) ... ok
test_multilocation_operator_has_license_value (tests.test_package_buyer_fit.PackageBuyerFitTests.test_multilocation_operator_has_license_value) ... ok
test_ranker_orders_highest_fit_first (tests.test_package_buyer_fit.PackageBuyerFitTests.test_ranker_orders_highest_fit_first) ... ok
test_deduplicates_identical_source_values (tests.test_phone_intelligence.PhoneIntelligenceTests.test_deduplicates_identical_source_values) ... ok
test_flags_invalid_exchange (tests.test_phone_intelligence.PhoneIntelligenceTests.test_flags_invalid_exchange) ... ok
test_flags_obvious_placeholder (tests.test_phone_intelligence.PhoneIntelligenceTests.test_flags_obvious_placeholder) ... ok
test_normalizes_and_classifies_alberta_number (tests.test_phone_intelligence.PhoneIntelligenceTests.test_normalizes_and_classifies_alberta_number) ... ok
test_keeps_platform_candidate_separate_from_campaign_lead (tests.test_platform_candidate_import.PlatformCandidateImportTests.test_keeps_platform_candidate_separate_from_campaign_lead) ... ok
test_bundle_is_deterministic_and_import_is_one_transaction (tests.test_postgres_persistence.PostgresPersistenceTests.test_bundle_is_deterministic_and_import_is_one_transaction) ... ok
test_configuration_requires_tls_and_never_needs_a_password_value (tests.test_postgres_persistence.PostgresPersistenceTests.test_configuration_requires_tls_and_never_needs_a_password_value) ... ok
test_coverage_import_is_transactional_and_rejects_unknown_organizations (tests.test_postgres_persistence.PostgresPersistenceTests.test_coverage_import_is_transactional_and_rejects_unknown_organizations) ... ok
test_migration_is_wrapped_and_recorded_after_schema_sql (tests.test_postgres_persistence.PostgresPersistenceTests.test_migration_is_wrapped_and_recorded_after_schema_sql) ... ok
test_pooler_connection_probe_has_a_no_pg_stat_ssl_fallback (tests.test_postgres_persistence.PostgresPersistenceTests.test_pooler_connection_probe_has_a_no_pg_stat_ssl_fallback) ... ok
test_runner_uses_pg_environment_and_no_credential_url (tests.test_postgres_persistence.PostgresPersistenceTests.test_runner_uses_pg_environment_and_no_credential_url) ... ok
test_preparation_is_reproducible_and_offline (tests.test_prepare_known_site_contact_retry_v1.PrepareKnownSiteContactRetryTests.test_preparation_is_reproducible_and_offline) ... ERROR
test_prepares_exact_bounded_unique_first_party_cohort (tests.test_prepare_known_site_contact_retry_v1.PrepareKnownSiteContactRetryTests.test_prepares_exact_bounded_unique_first_party_cohort) ... ERROR
test_source_drift_and_unsafe_url_fail_closed (tests.test_prepare_known_site_contact_retry_v1.PrepareKnownSiteContactRetryTests.test_source_drift_and_unsafe_url_fail_closed) ... ok
test_deceptive_subdomain_is_quarantined_without_fetch (tests.test_prepare_legacy_mapping_recheck.PrepareLegacyMappingRecheckTests.test_deceptive_subdomain_is_quarantined_without_fetch) ... ok
test_duplicate_ids_fail_closed (tests.test_prepare_legacy_mapping_recheck.PrepareLegacyMappingRecheckTests.test_duplicate_ids_fail_closed) ... ok
test_eligible_mapping_becomes_single_candidate (tests.test_prepare_legacy_mapping_recheck.PrepareLegacyMappingRecheckTests.test_eligible_mapping_becomes_single_candidate) ... ok
test_current_guard_rejects_deceptive_verified_row (tests.test_prepare_verified_mapping_crawl.PrepareVerifiedMappingCrawlTests.test_current_guard_rejects_deceptive_verified_row) ... ok
test_deduplicates_domain_and_retains_business_attribution (tests.test_prepare_verified_mapping_crawl.PrepareVerifiedMappingCrawlTests.test_deduplicates_domain_and_retains_business_attribution) ... ok
test_domain_mismatch_email_is_not_outreach_ready (tests.test_rank_platform_candidates.RankPlatformCandidatesTests.test_domain_mismatch_email_is_not_outreach_ready) ... ok
test_verified_educator_ranks_above_unverified_agency (tests.test_rank_platform_candidates.RankPlatformCandidatesTests.test_verified_educator_ranks_above_unverified_agency) ... ok
test_cross_domain_page_is_rejected (tests.test_reconcile_verified_crawl_evidence.ReconcileVerifiedCrawlEvidenceTests.test_cross_domain_page_is_rejected) ... ok
test_filters_stale_domain_and_attaches_verification (tests.test_reconcile_verified_crawl_evidence.ReconcileVerifiedCrawlEvidenceTests.test_filters_stale_domain_and_attaches_verification) ... ok
test_ignores_obituary_condolence_names_and_fax (tests.test_recover_zero_page_staff_v15.RecoverZeroPageStaffV15Tests.test_ignores_obituary_condolence_names_and_fax) ... ERROR
test_materializer_has_no_network_or_crm_write_boundary (tests.test_recover_zero_page_staff_v15.RecoverZeroPageStaffV15Tests.test_materializer_has_no_network_or_crm_write_boundary) ... ok
test_missing_or_malformed_staff_evidence_fails_closed (tests.test_recover_zero_page_staff_v15.RecoverZeroPageStaffV15Tests.test_missing_or_malformed_staff_evidence_fails_closed) ... ERROR
test_promotes_only_explicit_staff_with_conservative_decision_makers (tests.test_recover_zero_page_staff_v15.RecoverZeroPageStaffV15Tests.test_promotes_only_explicit_staff_with_conservative_decision_makers) ... ERROR
test_source_crm_immutability_only_target_change_and_reproducibility (tests.test_recover_zero_page_staff_v15.RecoverZeroPageStaffV15Tests.test_source_crm_immutability_only_target_change_and_reproducibility) ... ERROR
test_portal_mapping_overlay_uses_only_fresh_verified_rows (tests.test_render_deployment.RenderDeploymentTests.test_portal_mapping_overlay_uses_only_fresh_verified_rows) ... ok
test_portal_snapshot_is_deterministic_minimal_and_under_render_limit (tests.test_render_deployment.RenderDeploymentTests.test_portal_snapshot_is_deterministic_minimal_and_under_render_limit) ... ok
test_portal_snapshot_preserves_contact_context_for_inline_display (tests.test_render_deployment.RenderDeploymentTests.test_portal_snapshot_preserves_contact_context_for_inline_display) ... ok
test_production_wsgi_fails_closed_without_secrets (tests.test_render_deployment.RenderDeploymentTests.test_production_wsgi_fails_closed_without_secrets) ... FAIL
test_production_wsgi_rebuilds_auth_and_protects_findings (tests.test_render_deployment.RenderDeploymentTests.test_production_wsgi_rebuilds_auth_and_protects_findings) ... FAIL
test_repository_blueprint_uses_only_free_service_and_secret_placeholders (tests.test_render_deployment.RenderDeploymentTests.test_repository_blueprint_uses_only_free_service_and_secret_placeholders) ... ok
test_repository_surfaces_snapshot_version_for_truthful_frontend_label (tests.test_render_deployment.RenderDeploymentTests.test_repository_surfaces_snapshot_version_for_truthful_frontend_label) ... ok
test_excludes_success_and_enriches_failed_domain (tests.test_research_queue.ResearchQueueTests.test_excludes_success_and_enriches_failed_domain) ... ok
test_historical_pages_match_same_brand_country_redirect (tests.test_research_queue.ResearchQueueTests.test_historical_pages_match_same_brand_country_redirect) ... ok
test_direct_identity_and_city_matching_redirect_resolves_location_page (tests.test_research_resolution.ResearchResolutionTests.test_direct_identity_and_city_matching_redirect_resolves_location_page) ... ok
test_existing_first_party_email_confirmation_is_structured_resolution (tests.test_research_resolution.ResearchResolutionTests.test_existing_first_party_email_confirmation_is_structured_resolution) ... ok
test_generic_parent_overview_without_location_identifier_stays_ambiguous (tests.test_research_resolution.ResearchResolutionTests.test_generic_parent_overview_without_location_identifier_stays_ambiguous) ... ok
test_one_hostname_name_token_does_not_resolve_homepage (tests.test_research_resolution.ResearchResolutionTests.test_one_hostname_name_token_does_not_resolve_homepage) ... ok
test_pluralized_name_token_and_city_resolve_network_location (tests.test_research_resolution.ResearchResolutionTests.test_pluralized_name_token_and_city_resolve_network_location) ... ok
test_runner_persists_questions_and_skips_unchanged_second_run (tests.test_research_resolution.ResearchResolutionTests.test_runner_persists_questions_and_skips_unchanged_second_run) ... ok
test_runner_queues_quality_review_entity_without_website_failure (tests.test_research_resolution.ResearchResolutionTests.test_runner_queues_quality_review_entity_without_website_failure) ... ok
test_same_business_homepage_domain_migration_resolves (tests.test_research_resolution.ResearchResolutionTests.test_same_business_homepage_domain_migration_resolves) ... ok
test_similarly_named_sibling_location_is_not_resolved_by_numeric_id (tests.test_research_resolution.ResearchResolutionTests.test_similarly_named_sibling_location_is_not_resolved_by_numeric_id) ... ok
test_weak_or_non_homepage_redirect_refuses_resolution (tests.test_research_resolution.ResearchResolutionTests.test_weak_or_non_homepage_redirect_refuses_resolution) ... ok
test_contacts_and_road_house_decision_policy_are_preserved (tests.test_sanitize_staff_precision_v16.SanitizeStaffPrecisionV16Tests.test_contacts_and_road_house_decision_policy_are_preserved) ... ok
test_no_network_database_or_outreach_boundary (tests.test_sanitize_staff_precision_v16.SanitizeStaffPrecisionV16Tests.test_no_network_database_or_outreach_boundary) ... ok
test_quarantines_non_people_and_retains_real_staff (tests.test_sanitize_staff_precision_v16.SanitizeStaffPrecisionV16Tests.test_quarantines_non_people_and_retains_real_staff) ... ok
test_reproducible_and_immutable (tests.test_sanitize_staff_precision_v16.SanitizeStaffPrecisionV16Tests.test_reproducible_and_immutable) ... ok
test_source_drift_fails_closed (tests.test_sanitize_staff_precision_v16.SanitizeStaffPrecisionV16Tests.test_source_drift_fails_closed) ... ok
test_detects_funeral_industry_site_provider_marker (tests.test_technology_detector.TechnologyDetectorTests.test_detects_funeral_industry_site_provider_marker) ... ok
test_detects_real_public_html_signatures (tests.test_technology_detector.TechnologyDetectorTests.test_detects_real_public_html_signatures) ... ok
test_does_not_treat_marketing_prose_as_stack_evidence (tests.test_technology_detector.TechnologyDetectorTests.test_does_not_treat_marketing_prose_as_stack_evidence) ... ok
test_sample_spans_scores_and_excludes_unsafe_or_uncrawled_records (tests.test_validate_espocrm_live.EspoCRMLiveSampleTests.test_sample_spans_scores_and_excludes_unsafe_or_uncrawled_records) ... ok
test_accepts_explicit_crawl_input (tests.test_verify_audit_cli.VerifyAuditCliTests.test_accepts_explicit_crawl_input) ... ok
test_does_not_report_below_threshold_keyword_as_feature (tests.test_verify_audit_cli.VerifyAuditCliTests.test_does_not_report_below_threshold_keyword_as_feature) ... ok
test_missing_input_fails_with_actionable_message (tests.test_verify_audit_cli.VerifyAuditCliTests.test_missing_input_fails_with_actionable_message) ... ok
test_accepts_current_resolver_search_results_field (tests.test_verify_langsearch_recovery_v2.VerifyLangSearchRecoveryV2Tests.test_accepts_current_resolver_search_results_field) ... ok
test_candidate_prefilter_prefers_company_domain_over_directory_slug (tests.test_verify_langsearch_recovery_v2.VerifyLangSearchRecoveryV2Tests.test_candidate_prefilter_prefers_company_domain_over_directory_slug) ... ok
test_company_name_buried_in_domreaper_subdomain_is_not_first_party (tests.test_verify_langsearch_recovery_v2.VerifyLangSearchRecoveryV2Tests.test_company_name_buried_in_domreaper_subdomain_is_not_first_party) ... ok
test_company_token_in_official_domain_is_first_party_support (tests.test_verify_langsearch_recovery_v2.VerifyLangSearchRecoveryV2Tests.test_company_token_in_official_domain_is_first_party_support) ... ok
test_directory_host_is_denied_even_when_it_contains_company_token (tests.test_verify_langsearch_recovery_v2.VerifyLangSearchRecoveryV2Tests.test_directory_host_is_denied_even_when_it_contains_company_token) ... ok
test_domreaper_candidate_with_company_subdomain_is_filtered (tests.test_verify_langsearch_recovery_v2.VerifyLangSearchRecoveryV2Tests.test_domreaper_candidate_with_company_subdomain_is_filtered) ... ok
test_errors_and_unknown_records_are_not_fetched (tests.test_verify_langsearch_recovery_v2.VerifyLangSearchRecoveryV2Tests.test_errors_and_unknown_records_are_not_fetched) ... ok
test_exact_generic_name_without_geography_is_not_verified (tests.test_verify_langsearch_recovery_v2.VerifyLangSearchRecoveryV2Tests.test_exact_generic_name_without_geography_is_not_verified) ... ok
test_generic_first_token_cannot_match_different_business (tests.test_verify_langsearch_recovery_v2.VerifyLangSearchRecoveryV2Tests.test_generic_first_token_cannot_match_different_business) ... ok
test_geographic_company_word_does_not_make_newspaper_first_party (tests.test_verify_langsearch_recovery_v2.VerifyLangSearchRecoveryV2Tests.test_geographic_company_word_does_not_make_newspaper_first_party) ... ok
test_identity_domain_label_ignores_deceptive_subdomain (tests.test_verify_langsearch_recovery_v2.VerifyLangSearchRecoveryV2Tests.test_identity_domain_label_ignores_deceptive_subdomain) ... ok
test_matching_third_party_text_cannot_become_verified_website (tests.test_verify_langsearch_recovery_v2.VerifyLangSearchRecoveryV2Tests.test_matching_third_party_text_cannot_become_verified_website) ... ok
test_ontario_code_does_not_match_common_word_on (tests.test_verify_langsearch_recovery_v2.VerifyLangSearchRecoveryV2Tests.test_ontario_code_does_not_match_common_word_on) ... ok
test_reconciles_only_successful_evidence_that_passes_current_guard (tests.test_verify_langsearch_recovery_v2.VerifyLangSearchRecoveryV2Tests.test_reconciles_only_successful_evidence_that_passes_current_guard) ... ok
test_uses_cached_results_and_persists_verified_source (tests.test_verify_langsearch_recovery_v2.VerifyLangSearchRecoveryV2Tests.test_uses_cached_results_and_persists_verified_source) ... ok
test_verified_obituary_url_on_company_domain_is_canonicalized (tests.test_verify_langsearch_recovery_v2.VerifyLangSearchRecoveryV2Tests.test_verified_obituary_url_on_company_domain_is_canonicalized) ... ok
test_append_keeps_shared_urls_separate_and_replaces_entity_pages (tests.test_website_crawler.WebsiteCrawlerRecoveryTests.test_append_keeps_shared_urls_separate_and_replaces_entity_pages) ... ok
test_append_replaces_legacy_same_domain_pages_without_queue_domain (tests.test_website_crawler.WebsiteCrawlerRecoveryTests.test_append_replaces_legacy_same_domain_pages_without_queue_domain) ... ok
test_interruption_checkpoints_and_resume_skips_completed_domain (tests.test_website_crawler.WebsiteCrawlerRecoveryTests.test_interruption_checkpoints_and_resume_skips_completed_domain) ... ok
test_report_counts_deduplicated_final_urls (tests.test_website_crawler.WebsiteCrawlerRecoveryTests.test_report_counts_deduplicated_final_urls) ... ok
test_resume_retries_failed_domain_and_skips_successful_domain (tests.test_website_crawler.WebsiteCrawlerRecoveryTests.test_resume_retries_failed_domain_and_skips_successful_domain) ... ok

======================================================================
ERROR: test_queue_report_identifies_domains_without_pages (tests.test_discovery_crawler.PriorityPageCrawlerTests.test_queue_report_identifies_domains_without_pages)
----------------------------------------------------------------------
Traceback (most recent call last):
  File "/home/hektic/funeral-home-sales-intelligence/tests/test_discovery_crawler.py", line 161, in test_queue_report_identifies_domains_without_pages
    crawler.crawl_queue([
    ~~~~~~~~~~~~~~~~~~~^^
        {"domain": "example.com", "url": homepage},
        ^^^^^^^^^^^^^^^^^^^^^^^^^^^^^^^^^^^^^^^^^^^
        {"domain": "failed.example", "url": "https://failed.example/"},
        ^^^^^^^^^^^^^^^^^^^^^^^^^^^^^^^^^^^^^^^^^^^^^^^^^^^^^^^^^^^^^^^
    ])
    ^^
  File "/home/hektic/funeral-home-sales-intelligence/discovery/crawler.py", line 355, in crawl_queue
    lead_records = self.crawl_lead(lead)
  File "/home/hektic/funeral-home-sales-intelligence/discovery/crawler.py", line 210, in crawl_lead
    response, final_url, redirect_chain, safety_error = self._get_public(url)
                                                        ~~~~~~~~~~~~~~~~^^^^^
  File "/home/hektic/funeral-home-sales-intelligence/discovery/crawler.py", line 130, in _get_public
    response = self.session.get(current, timeout=self.timeout, allow_redirects=False)
  File "/home/hektic/funeral-home-sales-intelligence/tests/test_discovery_crawler.py", line 39, in get
    raise requests.ConnectionError(url)
requests.exceptions.ConnectionError: https://failed.example/

======================================================================
ERROR: test_skips_failures_non_html_and_cross_domain_redirects (tests.test_discovery_crawler.PriorityPageCrawlerTests.test_skips_failures_non_html_and_cross_domain_redirects)
----------------------------------------------------------------------
Traceback (most recent call last):
  File "/home/hektic/funeral-home-sales-intelligence/tests/test_discovery_crawler.py", line 104, in test_skips_failures_non_html_and_cross_domain_redirects
    records = crawler.crawl_lead({
        "domain": "example.com",
    ...<5 lines>...
        ],
    })
  File "/home/hektic/funeral-home-sales-intelligence/discovery/crawler.py", line 240, in crawl_lead
    response.raise_for_status()
    ~~~~~~~~~~~~~~~~~~~~~~~~~^^
  File "/home/hektic/funeral-home-sales-intelligence/tests/test_discovery_crawler.py", line 23, in raise_for_status
    raise error
requests.exceptions.HTTPError: 500

======================================================================
ERROR: test_preparation_is_reproducible_and_offline (tests.test_prepare_known_site_contact_retry_v1.PrepareKnownSiteContactRetryTests.test_preparation_is_reproducible_and_offline)
----------------------------------------------------------------------
Traceback (most recent call last):
  File "/home/hektic/funeral-home-sales-intelligence/tests/test_prepare_known_site_contact_retry_v1.py", line 38, in test_preparation_is_reproducible_and_offline
    retry.prepare(retry.SOURCE, retry.MAPPINGS, Path(one))
    ~~~~~~~~~~~~~^^^^^^^^^^^^^^^^^^^^^^^^^^^^^^^^^^^^^^^^^
  File "/home/hektic/funeral-home-sales-intelligence/prepare_known_site_contact_retry_v1.py", line 39, in prepare
    if sha256(mappings_path) != MAPPINGS_SHA256:
       ~~~~~~^^^^^^^^^^^^^^^
  File "/home/hektic/funeral-home-sales-intelligence/prepare_known_site_contact_retry_v1.py", line 26, in sha256
    return hashlib.sha256(path.read_bytes()).hexdigest()
                          ~~~~~~~~~~~~~~~^^
  File "/usr/lib/python3.13/pathlib/_abc.py", line 625, in read_bytes
    with self.open(mode='rb') as f:
         ~~~~~~~~~^^^^^^^^^^^
  File "/usr/lib/python3.13/pathlib/_local.py", line 539, in open
    return io.open(self, mode, buffering, encoding, errors, newline)
           ~~~~~~~^^^^^^^^^^^^^^^^^^^^^^^^^^^^^^^^^^^^^^^^^^^^^^^^^^
FileNotFoundError: [Errno 2] No such file or directory: 'data/generated/directory_955/verified_crawlset/business_website_mappings.json'

======================================================================
ERROR: test_prepares_exact_bounded_unique_first_party_cohort (tests.test_prepare_known_site_contact_retry_v1.PrepareKnownSiteContactRetryTests.test_prepares_exact_bounded_unique_first_party_cohort)
----------------------------------------------------------------------
Traceback (most recent call last):
  File "/home/hektic/funeral-home-sales-intelligence/tests/test_prepare_known_site_contact_retry_v1.py", line 13, in test_prepares_exact_bounded_unique_first_party_cohort
    summary = retry.prepare(retry.SOURCE, retry.MAPPINGS, Path(temp))
  File "/home/hektic/funeral-home-sales-intelligence/prepare_known_site_contact_retry_v1.py", line 39, in prepare
    if sha256(mappings_path) != MAPPINGS_SHA256:
       ~~~~~~^^^^^^^^^^^^^^^
  File "/home/hektic/funeral-home-sales-intelligence/prepare_known_site_contact_retry_v1.py", line 26, in sha256
    return hashlib.sha256(path.read_bytes()).hexdigest()
                          ~~~~~~~~~~~~~~~^^
  File "/usr/lib/python3.13/pathlib/_abc.py", line 625, in read_bytes
    with self.open(mode='rb') as f:
         ~~~~~~~~~^^^^^^^^^^^
  File "/usr/lib/python3.13/pathlib/_local.py", line 539, in open
    return io.open(self, mode, buffering, encoding, errors, newline)
           ~~~~~~~^^^^^^^^^^^^^^^^^^^^^^^^^^^^^^^^^^^^^^^^^^^^^^^^^^
FileNotFoundError: [Errno 2] No such file or directory: 'data/generated/directory_955/verified_crawlset/business_website_mappings.json'

======================================================================
ERROR: test_ignores_obituary_condolence_names_and_fax (tests.test_recover_zero_page_staff_v15.RecoverZeroPageStaffV15Tests.test_ignores_obituary_condolence_names_and_fax)
----------------------------------------------------------------------
Traceback (most recent call last):
  File "/home/hektic/funeral-home-sales-intelligence/tests/test_recover_zero_page_staff_v15.py", line 39, in test_ignores_obituary_condolence_names_and_fax
    pages = json.loads(v15.PAGES.read_text())
                       ~~~~~~~~~~~~~~~~~~~^^
  File "/usr/lib/python3.13/pathlib/_local.py", line 548, in read_text
    return PathBase.read_text(self, encoding, errors, newline)
           ~~~~~~~~~~~~~~~~~~^^^^^^^^^^^^^^^^^^^^^^^^^^^^^^^^^
  File "/usr/lib/python3.13/pathlib/_abc.py", line 632, in read_text
    with self.open(mode='r', encoding=encoding, errors=errors, newline=newline) as f:
         ~~~~~~~~~^^^^^^^^^^^^^^^^^^^^^^^^^^^^^^^^^^^^^^^^^^^^^^^^^^^^^^^^^^^^^
  File "/usr/lib/python3.13/pathlib/_local.py", line 539, in open
    return io.open(self, mode, buffering, encoding, errors, newline)
           ~~~~~~~^^^^^^^^^^^^^^^^^^^^^^^^^^^^^^^^^^^^^^^^^^^^^^^^^^
FileNotFoundError: [Errno 2] No such file or directory: 'data/generated/directory_955/zero_page_retry_v1/pages.json'

======================================================================
ERROR: test_missing_or_malformed_staff_evidence_fails_closed (tests.test_recover_zero_page_staff_v15.RecoverZeroPageStaffV15Tests.test_missing_or_malformed_staff_evidence_fails_closed)
----------------------------------------------------------------------
Traceback (most recent call last):
  File "/home/hektic/funeral-home-sales-intelligence/tests/test_recover_zero_page_staff_v15.py", line 50, in test_missing_or_malformed_staff_evidence_fails_closed
    pages = json.loads(v15.PAGES.read_text())
                       ~~~~~~~~~~~~~~~~~~~^^
  File "/usr/lib/python3.13/pathlib/_local.py", line 548, in read_text
    return PathBase.read_text(self, encoding, errors, newline)
           ~~~~~~~~~~~~~~~~~~^^^^^^^^^^^^^^^^^^^^^^^^^^^^^^^^^
  File "/usr/lib/python3.13/pathlib/_abc.py", line 632, in read_text
    with self.open(mode='r', encoding=encoding, errors=errors, newline=newline) as f:
         ~~~~~~~~~^^^^^^^^^^^^^^^^^^^^^^^^^^^^^^^^^^^^^^^^^^^^^^^^^^^^^^^^^^^^^
  File "/usr/lib/python3.13/pathlib/_local.py", line 539, in open
    return io.open(self, mode, buffering, encoding, errors, newline)
           ~~~~~~~^^^^^^^^^^^^^^^^^^^^^^^^^^^^^^^^^^^^^^^^^^^^^^^^^^
FileNotFoundError: [Errno 2] No such file or directory: 'data/generated/directory_955/zero_page_retry_v1/pages.json'

======================================================================
ERROR: test_promotes_only_explicit_staff_with_conservative_decision_makers (tests.test_recover_zero_page_staff_v15.RecoverZeroPageStaffV15Tests.test_promotes_only_explicit_staff_with_conservative_decision_makers)
----------------------------------------------------------------------
Traceback (most recent call last):
  File "/home/hektic/funeral-home-sales-intelligence/tests/test_recover_zero_page_staff_v15.py", line 24, in test_promotes_only_explicit_staff_with_conservative_decision_makers
    summary, records, _output, _audit = self.run_merge(Path(temp))
                                        ~~~~~~~~~~~~~~^^^^^^^^^^^^
  File "/home/hektic/funeral-home-sales-intelligence/tests/test_recover_zero_page_staff_v15.py", line 19, in run_merge
    summary = v15.materialize(v15.SOURCE, v15.PAGES, output, audit, v15.CRM)
  File "/home/hektic/funeral-home-sales-intelligence/recover_zero_page_staff_v15.py", line 116, in materialize
    pages = load_evidence(pages_path)
  File "/home/hektic/funeral-home-sales-intelligence/recover_zero_page_staff_v15.py", line 79, in load_evidence
    rows = json.loads(path.read_text(encoding="utf-8"))
                      ~~~~~~~~~~~~~~^^^^^^^^^^^^^^^^^^
  File "/usr/lib/python3.13/pathlib/_local.py", line 548, in read_text
    return PathBase.read_text(self, encoding, errors, newline)
           ~~~~~~~~~~~~~~~~~~^^^^^^^^^^^^^^^^^^^^^^^^^^^^^^^^^
  File "/usr/lib/python3.13/pathlib/_abc.py", line 632, in read_text
    with self.open(mode='r', encoding=encoding, errors=errors, newline=newline) as f:
         ~~~~~~~~~^^^^^^^^^^^^^^^^^^^^^^^^^^^^^^^^^^^^^^^^^^^^^^^^^^^^^^^^^^^^^
  File "/usr/lib/python3.13/pathlib/_local.py", line 539, in open
    return io.open(self, mode, buffering, encoding, errors, newline)
           ~~~~~~~^^^^^^^^^^^^^^^^^^^^^^^^^^^^^^^^^^^^^^^^^^^^^^^^^^
FileNotFoundError: [Errno 2] No such file or directory: 'data/generated/directory_955/zero_page_retry_v1/pages.json'

======================================================================
ERROR: test_source_crm_immutability_only_target_change_and_reproducibility (tests.test_recover_zero_page_staff_v15.RecoverZeroPageStaffV15Tests.test_source_crm_immutability_only_target_change_and_reproducibility)
----------------------------------------------------------------------
Traceback (most recent call last):
  File "/home/hektic/funeral-home-sales-intelligence/tests/test_recover_zero_page_staff_v15.py", line 60, in test_source_crm_immutability_only_target_change_and_reproducibility
    first = self.run_merge(Path(one))
  File "/home/hektic/funeral-home-sales-intelligence/tests/test_recover_zero_page_staff_v15.py", line 19, in run_merge
    summary = v15.materialize(v15.SOURCE, v15.PAGES, output, audit, v15.CRM)
  File "/home/hektic/funeral-home-sales-intelligence/recover_zero_page_staff_v15.py", line 116, in materialize
    pages = load_evidence(pages_path)
  File "/home/hektic/funeral-home-sales-intelligence/recover_zero_page_staff_v15.py", line 79, in load_evidence
    rows = json.loads(path.read_text(encoding="utf-8"))
                      ~~~~~~~~~~~~~~^^^^^^^^^^^^^^^^^^
  File "/usr/lib/python3.13/pathlib/_local.py", line 548, in read_text
    return PathBase.read_text(self, encoding, errors, newline)
           ~~~~~~~~~~~~~~~~~~^^^^^^^^^^^^^^^^^^^^^^^^^^^^^^^^^
  File "/usr/lib/python3.13/pathlib/_abc.py", line 632, in read_text
    with self.open(mode='r', encoding=encoding, errors=errors, newline=newline) as f:
         ~~~~~~~~~^^^^^^^^^^^^^^^^^^^^^^^^^^^^^^^^^^^^^^^^^^^^^^^^^^^^^^^^^^^^^
  File "/usr/lib/python3.13/pathlib/_local.py", line 539, in open
    return io.open(self, mode, buffering, encoding, errors, newline)
           ~~~~~~~^^^^^^^^^^^^^^^^^^^^^^^^^^^^^^^^^^^^^^^^^^^^^^^^^^
FileNotFoundError: [Errno 2] No such file or directory: 'data/generated/directory_955/zero_page_retry_v1/pages.json'

======================================================================
FAIL: test_allows_same_brand_homepage_redirect_to_country_domain (tests.test_discovery_crawler.PriorityPageCrawlerTests.test_allows_same_brand_homepage_redirect_to_country_domain)
----------------------------------------------------------------------
Traceback (most recent call last):
  File "/home/hektic/funeral-home-sales-intelligence/tests/test_discovery_crawler.py", line 203, in test_allows_same_brand_homepage_redirect_to_country_domain
    self.assertEqual(len(records), 2)
    ~~~~~~~~~~~~~~~~^^^^^^^^^^^^^^^^^
AssertionError: 0 != 2

======================================================================
FAIL: test_crawls_homepage_and_discovers_priority_same_domain_link (tests.test_discovery_crawler.PriorityPageCrawlerTests.test_crawls_homepage_and_discovers_priority_same_domain_link)
----------------------------------------------------------------------
Traceback (most recent call last):
  File "/home/hektic/funeral-home-sales-intelligence/tests/test_discovery_crawler.py", line 78, in test_crawls_homepage_and_discovers_priority_same_domain_link
    self.assertEqual([record["url"] for record in records], [homepage, contact])
    ~~~~~~~~~~~~~~~~^^^^^^^^^^^^^^^^^^^^^^^^^^^^^^^^^^^^^^^^^^^^^^^^^^^^^^^^^^^^
AssertionError: Lists differ: [] != ['https://example.com/', 'https://example.com/contact-us']

Second list contains 2 additional elements.
First extra element 0:
'https://example.com/'

- []
+ ['https://example.com/', 'https://example.com/contact-us']

======================================================================
FAIL: test_crawls_only_explicit_high_confidence_location_resolution_under_original_entity (tests.test_discovery_crawler.PriorityPageCrawlerTests.test_crawls_only_explicit_high_confidence_location_resolution_under_original_entity)
----------------------------------------------------------------------
Traceback (most recent call last):
  File "/home/hektic/funeral-home-sales-intelligence/tests/test_discovery_crawler.py", line 146, in test_crawls_only_explicit_high_confidence_location_resolution_under_original_entity
    self.assertEqual(len(records), 1)
    ~~~~~~~~~~~~~~~~^^^^^^^^^^^^^^^^^
AssertionError: 0 != 1

======================================================================
FAIL: test_queue_progress_callback_receives_each_domain (tests.test_discovery_crawler.PriorityPageCrawlerTests.test_queue_progress_callback_receives_each_domain)
----------------------------------------------------------------------
Traceback (most recent call last):
  File "/home/hektic/funeral-home-sales-intelligence/tests/test_discovery_crawler.py", line 183, in test_queue_progress_callback_receives_each_domain
    self.assertEqual(progress, [(1, 1, "example.com", 1)])
    ~~~~~~~~~~~~~~~~^^^^^^^^^^^^^^^^^^^^^^^^^^^^^^^^^^^^^^
AssertionError: Lists differ: [(1, 1, 'example.com', 0)] != [(1, 1, 'example.com', 1)]

First differing element 0:
(1, 1, 'example.com', 0)
(1, 1, 'example.com', 1)

- [(1, 1, 'example.com', 0)]
?                        ^

+ [(1, 1, 'example.com', 1)]
?                        ^


======================================================================
FAIL: test_findings_filters_compose_and_csv_export_matches_with_formula_safety (tests.test_operator_auth.OperatorAuthenticationTests.test_findings_filters_compose_and_csv_export_matches_with_formula_safety)
----------------------------------------------------------------------
Traceback (most recent call last):
  File "/home/hektic/funeral-home-sales-intelligence/tests/test_operator_auth.py", line 151, in test_findings_filters_compose_and_csv_export_matches_with_formula_safety
    self.assertEqual(self.client.get("/findings?province=XX").status_code, 400)
    ~~~~~~~~~~~~~~~~^^^^^^^^^^^^^^^^^^^^^^^^^^^^^^^^^^^^^^^^^^^^^^^^^^^^^^^^^^^
AssertionError: 200 != 400

======================================================================
FAIL: test_production_wsgi_fails_closed_without_secrets (tests.test_render_deployment.RenderDeploymentTests.test_production_wsgi_fails_closed_without_secrets)
----------------------------------------------------------------------
Traceback (most recent call last):
  File "/home/hektic/funeral-home-sales-intelligence/tests/test_render_deployment.py", line 82, in test_production_wsgi_fails_closed_without_secrets
    self.assertNotEqual(result.returncode, 0)
    ~~~~~~~~~~~~~~~~~~~^^^^^^^^^^^^^^^^^^^^^^
AssertionError: 0 == 0

======================================================================
FAIL: test_production_wsgi_rebuilds_auth_and_protects_findings (tests.test_render_deployment.RenderDeploymentTests.test_production_wsgi_rebuilds_auth_and_protects_findings)
----------------------------------------------------------------------
Traceback (most recent call last):
  File "/home/hektic/funeral-home-sales-intelligence/tests/test_render_deployment.py", line 107, in test_production_wsgi_rebuilds_auth_and_protects_findings
    self.assertEqual(result.stdout.strip(), "200 302")
    ~~~~~~~~~~~~~~~~^^^^^^^^^^^^^^^^^^^^^^^^^^^^^^^^^^
AssertionError: '✅ Found portal findings at: /home/hektic/[62 chars] 302' != '200 302'
- ✅ Found portal findings at: /home/hektic/funeral-home-sales-intelligence/data/portal_findings.json
  200 302


----------------------------------------------------------------------
Ran 227 tests in 23.101s

FAILED (failures=7, errors=8)
